// Jest Snapshot v1, https://goo.gl/fbAQLP

exports[`users login rejects a bad email address 1`] = `"Invalid email or password."`;

exports[`users login rejects a bad email password 1`] = `"Invalid email or password."`;

exports[`users register rejects an invalid email address 1`] = `"Email is invalid."`;

exports[`users register rejects if the user is already registered 1`] = `"Email is in use."`;

exports[`users verify rejects invalid tokens 1`] = `"Your token could not be validated."`;
